The next train to Melbourne from Sydney departs at 22:32:21
